// Jest Snapshot v1, https://goo.gl/fbAQLP

exports[`<Main /> Should render heading 1`] = `
.c0 {
  font-size: 2.5rem;
}

<h1
  class="c0"
>
  React avan√ßado
</h1>
`
