// Jest Snapshot v1, https://goo.gl/fbAQLP

exports[`<Main /> Should render heading 1`] = `
<h1
  class="styles__Title-sc-dzx1ao-2 igfAWE"
>
  React avan√ßado
</h1>
`
